false
0
identity
0
5
printstring
str
abc
(Cons Î» PId y -> +{var x}{var y} (Cons Î» PId y -> +{var x}{var y} Nil))
